   bsu_bs_apiurl = "https://mybs/"
  bsu_bs_project = "a:b"
  bsu_bs_package = "c"
    bsu_dloadurl = "ftp://upstream/"
         bsu_tag = "v42.69"
     bsu_version = "42.69"
   bsu_bs_commit = "0"
bsu_bs_commitmsg = "eloquent wax"
     bsu_tarball = "c-42.69.tar.gz"
   bsu_specfiles = "c.spec"
  bsu_test_build = "1"
   bsu_osc_build = ("omg wtf" "rofl lmao")
