   bsu_bs_apiurl = "obs"
  bsu_bs_project = "prj"
  bsu_bs_package = "pkg"
    bsu_dloadurl = "https://get.it/"
         bsu_tag = "fubar-12.34"
     bsu_version = "12.34"
   bsu_bs_commit = "1"
bsu_bs_commitmsg = "Update to version 12.34"
     bsu_tarball = "pkg-12.34.tar.gz"
   bsu_specfiles = ("pkg.spec")
  bsu_test_build = "0"
   bsu_osc_build = ()
