   bsu_bs_apiurl = ""
  bsu_bs_project = "prj"
  bsu_bs_package = "pkg"
    bsu_dloadurl = "http://example.org/"
         bsu_tag = "HEAD"
     bsu_version = "999.88.7"
   bsu_bs_commit = "1"
bsu_bs_commitmsg = "Update to version 999.88.7"
     bsu_tarball = "pkg-999.88.7.tar.gz"
   bsu_specfiles = "pkg.spec"
  bsu_test_build = "0"
