test 1 -lt 1
type bsu_version_hook
test 42.69 != ""
test 42.69 != 42.69
test "" != ""
test x != ""
test x != x
test -n x
test y != ""
test y != y
test -n y
test y-42.69.tar.gz != ""
test y-42.69.tar.gz != y-42.69.tar.gz
test -n y-42.69.tar.gz
test url != ""
test url != url
test -n url
test "Update to version 42.69" != ""
test "Update to version 42.69" != "Update to version 42.69"
test y.spec != ""
test y.spec != y.spec
test 0 -ne 0
mktemp -d
cd /tmp/fake-tmp-dir
command osc co x/y
wget -qO y-42.69.tar.gz url
mkdir y-42.69
tar -xzf y-42.69.tar.gz --strip-components=1 -C y-42.69
type bsu_tarball_hook
tar -czf y-42.69.tar.gz y-42.69
rm -rf y-42.69
test -f x/y/y-42.69.tar.gz
test 0 -eq 0
test -f x/y/y-*.tar.gz
mv y-42.69.tar.gz x/y
test 0 -eq 0
command osc add x/y/y-42.69.tar.gz
cd x/y
tar -xzf y-42.69.tar.gz --strip-components=1 y-42.69/y.spec.in
cp y.spec.in y.spec
sed -ri /^Version:/s/__VERSION__/42.69/ y.spec
command osc st y.spec
command osc ci -m "Update to version 42.69"
rm -rf /tmp/fake-tmp-dir
