       bs_apiurl = "https://example.com/"
      bs_project = "my:projects:bazmek"
         package = "bazmek"
        dloadurl = "https://example.org/bazmek/v69.42"
             tag = "v69.42"
         version = "69.42"
          pkgdir = "my:projects:bazmek/bazmek"
         tarball = "bazmek-69.42.tar.gz"
        specfile = "bazmek.spec"
