   bsu_bs_apiurl = "https://example.com/"
  bsu_bs_project = "my:projects:bazmek"
  bsu_bs_package = "bazmek"
    bsu_dloadurl = "https://example.org/bazmek/v69.42"
         bsu_tag = "v69.42"
     bsu_version = "69.42.0"
   bsu_bs_commit = "1"
bsu_bs_commitmsg = "69.42.0 released."
     bsu_tarball = "bazmek-69.42.0.tgz"
    bsu_specfile = "bazmek-69.42.0.spec"
  bsu_test_build = "0"
