   bsu_bs_apiurl = "https://example.com/"
  bsu_bs_project = "my:projects:bazmek"
  bsu_bs_package = "bazmek"
    bsu_dloadurl = "https://example.org/bazmek/v69.42"
         bsu_tag = "v69.42"
     bsu_version = "69.42"
          pkgdir = "my:projects:bazmek/bazmek"
     bsu_tarball = "bazmek-69.42.tar.gz"
        specfile = "bazmek.spec"
